[2026-04-08][23:26:58][webview:log@http://localhost:1420/src/lib/utils/logger.ts:10:7][DEBUG] LocalizationService : Obtained translation
{
  "key": "app.title",
  "result": "Mod Manager"
}
[2026-04-08][23:27:00][webview:log@http://localhost:1420/src/lib/utils/logger.ts:10:7][DEBUG] LocalizationService : Translation requested
{
  "key": "app.title"
}
[2026-04-08][23:27:00][webview:log@http://localhost:1420/src/lib/utils/logger.ts:10:7][DEBUG] LocalizationService : Translation requested
{
  "key": "app.version"
}
[2026-04-08][23:27:00][webview:log@http://localhost:1420/src/lib/utils/logger.ts:10:7][DEBUG] LocalizationService : Translation requested
{
  "key": "app.version"
}
[2026-04-08][23:27:00][webview:log@http://localhost:1420/src/lib/utils/logger.ts:10:7][DEBUG] LocalizationService : Translation requested
{
  "key": "app.title"
}
[2026-04-08][23:27:00][webview:log@http://localhost:1420/src/lib/utils/logger.ts:10:7][DEBUG] LocalizationService : Obtained translation template
{
  "key": "app.version",
  "template": "v{0}"
}
[2026-04-08][23:27:00][webview:log@http://localhost:1420/src/lib/utils/logger.ts:10:7][DEBUG] LocalizationService : Obtained translation
{
  "key": "app.title",
  "result": "Mod Manager"
}
[2026-04-08][23:27:00][webview:log@http://localhost:1420/src/lib/utils/logger.ts:10:7][DEBUG] LocalizationService : Formatted template
{
  "key": "app.version",
  "template": "v{0}",
  "args": [
    "0.1.0"
  ],
  "format": "v0.1.0"
}
[2026-04-08][23:27:02][webview:log@http://localhost:1420/src/lib/utils/logger.ts:10:7][DEBUG] LocalizationService : Translation requested
{
  "key": "app.title"
}
[2026-04-08][23:27:02][webview:log@http://localhost:1420/src/lib/utils/logger.ts:10:7][DEBUG] LocalizationService : Obtained translation template
{
  "key": "app.version",
  "template": "v{0}"
}
[2026-04-08][23:27:02][webview:log@http://localhost:1420/src/lib/utils/logger.ts:10:7][DEBUG] LocalizationService : Translation requested
{
  "key": "app.version"
}
[2026-04-08][23:27:02][webview:log@http://localhost:1420/src/lib/utils/logger.ts:10:7][DEBUG] LocalizationService : Translation requested
{
  "key": "app.title"
}
[2026-04-08][23:27:02][webview:log@http://localhost:1420/src/lib/utils/logger.ts:10:7][DEBUG] LocalizationService : Obtained translation
{
  "key": "app.title",
  "result": "Mod Manager"
}
[2026-04-08][23:27:02][webview:log@http://localhost:1420/src/lib/utils/logger.ts:10:7][DEBUG] LocalizationService : Translation requested
{
  "key": "app.version"
}
[2026-04-08][23:27:02][webview:log@http://localhost:1420/src/lib/utils/logger.ts:10:7][DEBUG] LocalizationService : Formatted template
{
  "key": "app.version",
  "template": "v{0}",
  "args": [
    "0.1.0"
  ],
  "format": "v0.1.0"
}
[2026-04-08][23:27:22][webview:log@http://localhost:1420/src/lib/utils/logger.ts:10:7][DEBUG] LocalizationService : Translation requested
{
  "key": "app.version"
}
[2026-04-08][23:27:22][webview:log@http://localhost:1420/src/lib/utils/logger.ts:10:7][DEBUG] LocalizationService : Obtained translation template
{
  "key": "app.version",
  "template": "v{0}"
}
[2026-04-08][23:27:22][webview:log@http://localhost:1420/src/lib/utils/logger.ts:10:7][DEBUG] LocalizationService : Formatted template
{
  "key": "app.version",
  "template": "v{0}",
  "args": [
    "0.1.0"
  ],
  "format": "v0.1.0"
}
[2026-04-08][23:45:11][webview:log@http://localhost:1420/src/lib/utils/logger.ts:10:7][DEBUG] LocalizationService : Translation requested
{
  "key": "app.title"
}
[2026-04-08][23:45:11][webview:log@http://localhost:1420/src/lib/utils/logger.ts:10:7][DEBUG] LocalizationService : Translation requested
{
  "key": "app.version"
}
[2026-04-08][23:45:11][webview:log@http://localhost:1420/src/lib/utils/logger.ts:10:7][DEBUG] LocalizationService : Translation requested
{
  "key": "app.title"
}
[2026-04-08][23:45:11][webview:log@http://localhost:1420/src/lib/utils/logger.ts:10:7][DEBUG] LocalizationService : Obtained translation
{
  "key": "app.title",
  "result": "Mod Manager"
}
[2026-04-08][23:45:11][webview:log@http://localhost:1420/src/lib/utils/logger.ts:10:7][DEBUG] LocalizationService : Translation requested
{
  "key": "app.version"
}
[2026-04-08][23:45:11][webview:log@http://localhost:1420/src/lib/utils/logger.ts:10:7][DEBUG] LocalizationService : Obtained translation template
{
  "key": "app.version",
  "template": "v{0}"
}
[2026-04-08][23:45:11][webview:log@http://localhost:1420/src/lib/utils/logger.ts:10:7][DEBUG] LocalizationService : Formatted template
{
  "key": "app.version",
  "template": "v{0}",
  "args": [
    "0.1.0"
  ],
  "format": "v0.1.0"
}
[2026-04-08][23:53:35][webview:log@http://localhost:1420/src/lib/utils/logger.ts:10:7][DEBUG] LocalizationService : Translation requested
{
  "key": "app.title"
}
[2026-04-08][23:53:35][webview:log@http://localhost:1420/src/lib/utils/logger.ts:10:7][DEBUG] LocalizationService : Translation requested
{
  "key": "app.version"
}
[2026-04-08][23:53:35][webview:log@http://localhost:1420/src/lib/utils/logger.ts:10:7][DEBUG] LocalizationService : Translation requested
{
  "key": "app.title"
}
[2026-04-08][23:53:35][webview:log@http://localhost:1420/src/lib/utils/logger.ts:10:7][DEBUG] LocalizationService : Obtained translation
{
  "key": "app.title",
  "result": "Mod Manager"
}
[2026-04-08][23:53:35][webview:log@http://localhost:1420/src/lib/utils/logger.ts:10:7][DEBUG] LocalizationService : Translation requested
{
  "key": "app.version"
}
[2026-04-08][23:53:35][webview:log@http://localhost:1420/src/lib/utils/logger.ts:10:7][DEBUG] LocalizationService : Obtained translation template
{
  "key": "app.version",
  "template": "v{0}"
}
[2026-04-08][23:53:35][webview:log@http://localhost:1420/src/lib/utils/logger.ts:10:7][DEBUG] LocalizationService : Formatted template
{
  "key": "app.version",
  "template": "v{0}",
  "args": [
    "0.1.0"
  ],
  "format": "v0.1.0"
}
[2026-04-08][23:53:36][webview:log@http://localhost:1420/src/lib/utils/logger.ts:10:7][DEBUG] LocalizationService : Translation requested
{
  "key": "app.title"
}
[2026-04-08][23:53:36][webview:log@http://localhost:1420/src/lib/utils/logger.ts:10:7][DEBUG] LocalizationService : Translation requested
{
  "key": "app.version"
}
[2026-04-08][23:53:36][webview:log@http://localhost:1420/src/lib/utils/logger.ts:10:7][DEBUG] LocalizationService : Translation requested
{
  "key": "app.title"
}
[2026-04-08][23:53:36][webview:log@http://localhost:1420/src/lib/utils/logger.ts:10:7][DEBUG] LocalizationService : Obtained translation
{
  "key": "app.title",
  "result": "Mod Manager"
}
[2026-04-08][23:53:36][webview:log@http://localhost:1420/src/lib/utils/logger.ts:10:7][DEBUG] LocalizationService : Translation requested
{
  "key": "app.version"
}
[2026-04-08][23:53:36][webview:log@http://localhost:1420/src/lib/utils/logger.ts:10:7][DEBUG] LocalizationService : Obtained translation template
{
  "key": "app.version",
  "template": "v{0}"
}
[2026-04-08][23:53:36][webview:log@http://localhost:1420/src/lib/utils/logger.ts:10:7][DEBUG] LocalizationService : Formatted template
{
  "key": "app.version",
  "template": "v{0}",
  "args": [
    "0.1.0"
  ],
  "format": "v0.1.0"
}
[2026-04-08][23:53:37][webview:log@http://localhost:1420/src/lib/utils/logger.ts:10:7][DEBUG] LocalizationService : Translation requested
{
  "key": "app.title"
}
[2026-04-08][23:53:37][webview:log@http://localhost:1420/src/lib/utils/logger.ts:10:7][DEBUG] LocalizationService : Translation requested
{
  "key": "app.version"
}
[2026-04-08][23:53:37][webview:log@http://localhost:1420/src/lib/utils/logger.ts:10:7][DEBUG] LocalizationService : Translation requested
{
  "key": "app.title"
}
[2026-04-08][23:53:37][webview:log@http://localhost:1420/src/lib/utils/logger.ts:10:7][DEBUG] LocalizationService : Obtained translation
{
  "key": "app.title",
  "result": "Mod Manager"
}
[2026-04-08][23:53:37][webview:log@http://localhost:1420/src/lib/utils/logger.ts:10:7][DEBUG] LocalizationService : Translation requested
{
  "key": "app.version"
}
[2026-04-08][23:53:37][webview:log@http://localhost:1420/src/lib/utils/logger.ts:10:7][DEBUG] LocalizationService : Obtained translation template
{
  "key": "app.version",
  "template": "v{0}"
}
[2026-04-08][23:53:37][webview:log@http://localhost:1420/src/lib/utils/logger.ts:10:7][DEBUG] LocalizationService : Formatted template
{
  "key": "app.version",
  "template": "v{0}",
  "args": [
    "0.1.0"
  ],
  "format": "v0.1.0"
}
[2026-04-09][00:00:45][tao::platform_impl::platform::event_loop::runner][DEBUG] NewEvents emitted without explicit RedrawEventsCleared
[2026-04-09][00:00:45][tao::platform_impl::platform::event_loop::runner][DEBUG] RedrawEventsCleared emitted without explicit MainEventsCleared
[2026-04-09][00:02:08][tao::platform_impl::platform::event_loop::runner][DEBUG] NewEvents emitted without explicit RedrawEventsCleared
[2026-04-09][00:02:08][tao::platform_impl::platform::event_loop::runner][DEBUG] RedrawEventsCleared emitted without explicit MainEventsCleared
[2026-04-09][00:08:47][webview:log@http://localhost:1420/src/lib/utils/logger.ts:10:7][DEBUG] LocalizationService : Translation requested
{
  "key": "app.title"
}
[2026-04-09][00:08:47][webview:log@http://localhost:1420/src/lib/utils/logger.ts:10:7][DEBUG] LocalizationService : Translation requested
{
  "key": "app.title"
}
[2026-04-09][00:08:47][webview:log@http://localhost:1420/src/lib/utils/logger.ts:10:7][DEBUG] LocalizationService : Obtained translation
{
  "key": "app.title",
  "result": "Mod Manager"
}
[2026-04-09][00:08:47][webview:log@http://localhost:1420/src/lib/utils/logger.ts:10:7][DEBUG] LocalizationService : Translation requested
{
  "key": "app.version"
}
[2026-04-09][00:08:47][webview:log@http://localhost:1420/src/lib/utils/logger.ts:10:7][DEBUG] LocalizationService : Translation requested
{
  "key": "app.version"
}
[2026-04-09][00:08:47][webview:log@http://localhost:1420/src/lib/utils/logger.ts:10:7][DEBUG] LocalizationService : Obtained translation template
{
  "key": "app.version",
  "template": "v{0}"
}
[2026-04-09][00:08:47][webview:log@http://localhost:1420/src/lib/utils/logger.ts:10:7][DEBUG] LocalizationService : Formatted template
{
  "key": "app.version",
  "template": "v{0}",
  "args": [
    "0.1.0"
  ],
  "format": "v0.1.0"
}
[2026-04-09][00:08:51][webview:log@http://localhost:1420/src/lib/utils/logger.ts:10:7][DEBUG] LocalizationService : Translation requested
{
  "key": "app.title"
}
[2026-04-09][00:08:51][webview:log@http://localhost:1420/src/lib/utils/logger.ts:10:7][DEBUG] LocalizationService : Translation requested
{
  "key": "app.version"
}
[2026-04-09][00:08:51][webview:log@http://localhost:1420/src/lib/utils/logger.ts:10:7][DEBUG] LocalizationService : Translation requested
{
  "key": "app.title"
}
[2026-04-09][00:08:51][webview:log@http://localhost:1420/src/lib/utils/logger.ts:10:7][DEBUG] LocalizationService : Obtained translation
{
  "key": "app.title",
  "result": "Mod Manager"
}
[2026-04-09][00:08:51][webview:log@http://localhost:1420/src/lib/utils/logger.ts:10:7][DEBUG] LocalizationService : Translation requested
{
  "key": "app.version"
}
[2026-04-09][00:08:51][webview:log@http://localhost:1420/src/lib/utils/logger.ts:10:7][DEBUG] LocalizationService : Obtained translation template
{
  "key": "app.version",
  "template": "v{0}"
}
[2026-04-09][00:08:51][webview:log@http://localhost:1420/src/lib/utils/logger.ts:10:7][DEBUG] LocalizationService : Formatted template
{
  "key": "app.version",
  "template": "v{0}",
  "args": [
    "0.1.0"
  ],
  "format": "v0.1.0"
}
[2026-04-09][00:08:55][webview:log@http://localhost:1420/src/lib/utils/logger.ts:10:7][DEBUG] LocalizationService : Translation requested
{
  "key": "app.title"
}
[2026-04-09][00:08:55][webview:log@http://localhost:1420/src/lib/utils/logger.ts:10:7][DEBUG] LocalizationService : Translation requested
{
  "key": "app.version"
}
[2026-04-09][00:08:55][webview:log@http://localhost:1420/src/lib/utils/logger.ts:10:7][DEBUG] LocalizationService : Translation requested
{
  "key": "app.title"
}
[2026-04-09][00:08:55][webview:log@http://localhost:1420/src/lib/utils/logger.ts:10:7][DEBUG] LocalizationService : Obtained translation
{
  "key": "app.title",
  "result": "Mod Manager"
}
[2026-04-09][00:08:55][webview:log@http://localhost:1420/src/lib/utils/logger.ts:10:7][DEBUG] LocalizationService : Translation requested
{
  "key": "app.version"
}
[2026-04-09][00:08:55][webview:log@http://localhost:1420/src/lib/utils/logger.ts:10:7][DEBUG] LocalizationService : Obtained translation template
{
  "key": "app.version",
  "template": "v{0}"
}
[2026-04-09][00:08:55][webview:log@http://localhost:1420/src/lib/utils/logger.ts:10:7][DEBUG] LocalizationService : Formatted template
{
  "key": "app.version",
  "template": "v{0}",
  "args": [
    "0.1.0"
  ],
  "format": "v0.1.0"
}
[2026-04-09][00:09:07][webview:log@http://localhost:1420/src/lib/utils/logger.ts:10:7][DEBUG] LocalizationService : Translation requested
{
  "key": "app.title"
}
[2026-04-09][00:09:07][webview:log@http://localhost:1420/src/lib/utils/logger.ts:10:7][DEBUG] LocalizationService : Obtained translation
{
  "key": "app.title",
  "result": "Mod Manager"
}
[2026-04-09][00:09:07][webview:log@http://localhost:1420/src/lib/utils/logger.ts:10:7][DEBUG] LocalizationService : Translation requested
{
  "key": "app.version"
}
[2026-04-09][00:09:07][webview:log@http://localhost:1420/src/lib/utils/logger.ts:10:7][DEBUG] LocalizationService : Obtained translation template
{
  "key": "app.version",
  "template": "v{0}"
}
[2026-04-09][00:09:07][webview:log@http://localhost:1420/src/lib/utils/logger.ts:10:7][DEBUG] LocalizationService : Translation requested
{
  "key": "app.title"
}
[2026-04-09][00:09:07][webview:log@http://localhost:1420/src/lib/utils/logger.ts:10:7][DEBUG] LocalizationService : Obtained translation
{
  "key": "app.title",
  "result": "Mod Manager"
}
[2026-04-09][00:09:07][webview:log@http://localhost:1420/src/lib/utils/logger.ts:10:7][DEBUG] LocalizationService : Formatted template
{
  "key": "app.version",
  "template": "v{0}",
  "args": [
    "0.1.0"
  ],
  "format": "v0.1.0"
}
[2026-04-09][00:09:07][webview:log@http://localhost:1420/src/lib/utils/logger.ts:10:7][DEBUG] LocalizationService : Translation requested
{
  "key": "app.version"
}
[2026-04-09][00:09:07][webview:log@http://localhost:1420/src/lib/utils/logger.ts:10:7][DEBUG] LocalizationService : Obtained translation template
{
  "key": "app.version",
  "template": "v{0}"
}
[2026-04-09][00:09:07][webview:log@http://localhost:1420/src/lib/utils/logger.ts:10:7][DEBUG] LocalizationService : Formatted template
{
  "key": "app.version",
  "template": "v{0}",
  "args": [
    "0.1.0"
  ],
  "format": "v0.1.0"
}
[2026-04-09][00:09:22][webview:log@http://localhost:1420/src/lib/utils/logger.ts:10:7][DEBUG] LocalizationService : Translation requested
{
  "key": "app.title"
}
[2026-04-09][00:09:22][webview:log@http://localhost:1420/src/lib/utils/logger.ts:10:7][DEBUG] LocalizationService : Obtained translation template
{
  "key": "app.version",
  "template": "v{0}"
}
[2026-04-09][00:09:22][webview:log@http://localhost:1420/src/lib/utils/logger.ts:10:7][DEBUG] LocalizationService : Obtained translation
{
  "key": "app.title",
  "result": "Mod Manager"
}
[2026-04-09][00:09:22][webview:log@http://localhost:1420/src/lib/utils/logger.ts:10:7][DEBUG] LocalizationService : Formatted template
{
  "key": "app.version",
  "template": "v{0}",
  "args": [
    "0.1.0"
  ],
  "format": "v0.1.0"
}
[2026-04-09][00:09:22][webview:log@http://localhost:1420/src/lib/utils/logger.ts:10:7][DEBUG] LocalizationService : Translation requested
{
  "key": "app.title"
}
[2026-04-09][00:09:22][webview:log@http://localhost:1420/src/lib/utils/logger.ts:10:7][DEBUG] LocalizationService : Obtained translation
{
  "key": "app.title",
  "result": "Mod Manager"
}
[2026-04-09][00:09:22][webview:log@http://localhost:1420/src/lib/utils/logger.ts:10:7][DEBUG] LocalizationService : Translation requested
{
  "key": "app.version"
}
[2026-04-09][00:09:22][webview:log@http://localhost:1420/src/lib/utils/logger.ts:10:7][DEBUG] LocalizationService : Obtained translation template
{
  "key": "app.version",
  "template": "v{0}"
}
[2026-04-09][00:09:22][webview:log@http://localhost:1420/src/lib/utils/logger.ts:10:7][DEBUG] LocalizationService : Formatted template
{
  "key": "app.version",
  "template": "v{0}",
  "args": [
    "0.1.0"
  ],
  "format": "v0.1.0"
}
[2026-04-09][00:09:22][webview:log@http://localhost:1420/src/lib/utils/logger.ts:10:7][DEBUG] LocalizationService : Translation requested
{
  "key": "app.version"
}
[2026-04-09][00:09:29][webview:log@http://localhost:1420/src/lib/utils/logger.ts:10:7][DEBUG] LocalizationService : Translation requested
{
  "key": "app.title"
}
[2026-04-09][00:09:29][webview:log@http://localhost:1420/src/lib/utils/logger.ts:10:7][DEBUG] LocalizationService : Translation requested
{
  "key": "app.version"
}
[2026-04-09][00:09:29][webview:log@http://localhost:1420/src/lib/utils/logger.ts:10:7][DEBUG] LocalizationService : Translation requested
{
  "key": "app.title"
}
[2026-04-09][00:09:29][webview:log@http://localhost:1420/src/lib/utils/logger.ts:10:7][DEBUG] LocalizationService : Obtained translation
{
  "key": "app.title",
  "result": "Mod Manager"
}
[2026-04-09][00:09:29][webview:log@http://localhost:1420/src/lib/utils/logger.ts:10:7][DEBUG] LocalizationService : Translation requested
{
  "key": "app.version"
}
[2026-04-09][00:09:29][webview:log@http://localhost:1420/src/lib/utils/logger.ts:10:7][DEBUG] LocalizationService : Obtained translation template
{
  "key": "app.version",
  "template": "v{0}"
}
[2026-04-09][00:09:29][webview:log@http://localhost:1420/src/lib/utils/logger.ts:10:7][DEBUG] LocalizationService : Formatted template
{
  "key": "app.version",
  "template": "v{0}",
  "args": [
    "0.1.0"
  ],
  "format": "v0.1.0"
}
[2026-04-09][00:10:22][webview:log@http://localhost:1420/src/lib/utils/logger.ts:10:7][DEBUG] LocalizationService : Translation requested
{
  "key": "app.title"
}
[2026-04-09][00:10:22][webview:log@http://localhost:1420/src/lib/utils/logger.ts:10:7][DEBUG] LocalizationService : Obtained translation template
{
  "key": "app.version",
  "template": "v{0}"
}
[2026-04-09][00:10:22][webview:log@http://localhost:1420/src/lib/utils/logger.ts:10:7][DEBUG] LocalizationService : Obtained translation
{
  "key": "app.title",
  "result": "Mod Manager"
}
[2026-04-09][00:10:22][webview:log@http://localhost:1420/src/lib/utils/logger.ts:10:7][DEBUG] LocalizationService : Formatted template
{
  "key": "app.version",
  "template": "v{0}",
  "args": [
    "0.1.0"
  ],
  "format": "v0.1.0"
}
[2026-04-09][00:10:22][webview:log@http://localhost:1420/src/lib/utils/logger.ts:10:7][DEBUG] LocalizationService : Translation requested
{
  "key": "app.version"
}
[2026-04-09][00:10:22][webview:log@http://localhost:1420/src/lib/utils/logger.ts:10:7][DEBUG] LocalizationService : Translation requested
{
  "key": "app.title"
}
[2026-04-09][00:10:22][webview:log@http://localhost:1420/src/lib/utils/logger.ts:10:7][DEBUG] LocalizationService : Obtained translation
{
  "key": "app.title",
  "result": "Mod Manager"
}
[2026-04-09][00:10:22][webview:log@http://localhost:1420/src/lib/utils/logger.ts:10:7][DEBUG] LocalizationService : Translation requested
{
  "key": "app.version"
}
[2026-04-09][00:10:22][webview:log@http://localhost:1420/src/lib/utils/logger.ts:10:7][DEBUG] LocalizationService : Obtained translation template
{
  "key": "app.version",
  "template": "v{0}"
}
[2026-04-09][00:10:22][webview:log@http://localhost:1420/src/lib/utils/logger.ts:10:7][DEBUG] LocalizationService : Formatted template
{
  "key": "app.version",
  "template": "v{0}",
  "args": [
    "0.1.0"
  ],
  "format": "v0.1.0"
}
[2026-04-09][00:10:29][webview:log@http://localhost:1420/src/lib/utils/logger.ts:10:7][DEBUG] LocalizationService : Translation requested
{
  "key": "app.title"
}
[2026-04-09][00:10:29][webview:log@http://localhost:1420/src/lib/utils/logger.ts:10:7][DEBUG] LocalizationService : Formatted template
{
  "key": "app.version",
  "template": "v{0}",
  "args": [
    "0.1.0"
  ],
  "format": "v0.1.0"
}
[2026-04-09][00:10:29][webview:log@http://localhost:1420/src/lib/utils/logger.ts:10:7][DEBUG] LocalizationService : Obtained translation
{
  "key": "app.title",
  "result": "Mod Manager"
}
[2026-04-09][00:10:29][webview:log@http://localhost:1420/src/lib/utils/logger.ts:10:7][DEBUG] LocalizationService : Translation requested
{
  "key": "app.version"
}
[2026-04-09][00:10:29][webview:log@http://localhost:1420/src/lib/utils/logger.ts:10:7][DEBUG] LocalizationService : Obtained translation template
{
  "key": "app.version",
  "template": "v{0}"
}
[2026-04-09][00:10:29][webview:log@http://localhost:1420/src/lib/utils/logger.ts:10:7][DEBUG] LocalizationService : Translation requested
{
  "key": "app.title"
}
[2026-04-09][00:10:29][webview:log@http://localhost:1420/src/lib/utils/logger.ts:10:7][DEBUG] LocalizationService : Obtained translation
{
  "key": "app.title",
  "result": "Mod Manager"
}
[2026-04-09][00:10:29][webview:log@http://localhost:1420/src/lib/utils/logger.ts:10:7][DEBUG] LocalizationService : Translation requested
{
  "key": "app.version"
}
[2026-04-09][00:10:29][webview:log@http://localhost:1420/src/lib/utils/logger.ts:10:7][DEBUG] LocalizationService : Obtained translation template
{
  "key": "app.version",
  "template": "v{0}"
}
[2026-04-09][00:10:29][webview:log@http://localhost:1420/src/lib/utils/logger.ts:10:7][DEBUG] LocalizationService : Formatted template
{
  "key": "app.version",
  "template": "v{0}",
  "args": [
    "0.1.0"
  ],
  "format": "v0.1.0"
}
[2026-04-09][00:14:16][tao::platform_impl::platform::event_loop::runner][DEBUG] NewEvents emitted without explicit RedrawEventsCleared
[2026-04-09][00:14:16][tao::platform_impl::platform::event_loop::runner][DEBUG] RedrawEventsCleared emitted without explicit MainEventsCleared
